[backblue.gif]
[fade.gif]
[index.html]
[cdn.datatables.net/1.10.20/css/dataTables.bootstrap4.min.css]
[cdn.jsdelivr.net/npm/daterangepicker/daterangepicker.css]
[themes.startbootstrap.com/sb-admin-pro/assets/img/favicon.png]
[cdnjs.cloudflare.com/ajax/libs/font-awesome/5.13.0/js/all.min.js]
[cdnjs.cloudflare.com/ajax/libs/feather-icons/4.27.0/feather.min.js]
[code.jquery.com/jquery-3.5.1.min.js]
[stackpath.bootstrapcdn.com/bootstrap/4.4.1/js/bootstrap.bundle.min.js]
[themes.startbootstrap.com/sb-admin-pro/js/scripts.js]
[cdnjs.cloudflare.com/ajax/libs/Chart.js/2.9.3/Chart.min.js]
[themes.startbootstrap.com/sb-admin-pro/assets/demo/chart-area-demo.js]
[themes.startbootstrap.com/sb-admin-pro/assets/demo/chart-bar-demo.js]
[cdn.datatables.net/1.10.20/js/jquery.dataTables.min.js]
[cdn.datatables.net/1.10.20/js/dataTables.bootstrap4.min.js]
[themes.startbootstrap.com/sb-admin-pro/assets/demo/datatables-demo.js]
[cdn.jsdelivr.net/momentjs/latest/moment.min.js]
[cdn.jsdelivr.net/npm/daterangepicker/daterangepicker.min.js]
[themes.startbootstrap.com/sb-admin-pro/assets/demo/date-range-picker-demo.js]
[themes.startbootstrap.com/sb-admin-pro/js/sb-customizer.js]
[themes.startbootstrap.com/sb-admin-pro/index.html]
[themes.startbootstrap.com/sb-admin-pro/assets/fonts/metropolis/Metropolis-Thin.otf]
[themes.startbootstrap.com/sb-admin-pro/assets/fonts/metropolis/Metropolis-ThinItalic.otf]
[themes.startbootstrap.com/sb-admin-pro/assets/fonts/metropolis/Metropolis-ExtraLight.otf]
[themes.startbootstrap.com/sb-admin-pro/assets/fonts/metropolis/Metropolis-ExtraLightItalic.otf]
[themes.startbootstrap.com/sb-admin-pro/assets/fonts/metropolis/Metropolis-Light.otf]
[themes.startbootstrap.com/sb-admin-pro/assets/fonts/metropolis/Metropolis-LightItalic.otf]
[themes.startbootstrap.com/sb-admin-pro/assets/fonts/metropolis/Metropolis-Regular.otf]
[themes.startbootstrap.com/sb-admin-pro/assets/fonts/metropolis/Metropolis-RegularItalic.otf]
[themes.startbootstrap.com/sb-admin-pro/assets/fonts/metropolis/Metropolis-Medium.otf]
[themes.startbootstrap.com/sb-admin-pro/assets/fonts/metropolis/Metropolis-MediumItalic.otf]
[themes.startbootstrap.com/sb-admin-pro/assets/fonts/metropolis/Metropolis-SemiBold.otf]
[themes.startbootstrap.com/sb-admin-pro/assets/fonts/metropolis/Metropolis-SemiBoldItalic.otf]
[themes.startbootstrap.com/sb-admin-pro/assets/fonts/metropolis/Metropolis-Bold.otf]
[themes.startbootstrap.com/sb-admin-pro/assets/fonts/metropolis/Metropolis-BoldItalic.otf]
[themes.startbootstrap.com/sb-admin-pro/assets/fonts/metropolis/Metropolis-ExtraBold.otf]
[themes.startbootstrap.com/sb-admin-pro/assets/fonts/metropolis/Metropolis-ExtraBoldItalic.otf]
[themes.startbootstrap.com/sb-admin-pro/assets/fonts/metropolis/Metropolis-Black.otf]
[themes.startbootstrap.com/sb-admin-pro/assets/fonts/metropolis/Metropolis-BlackItalic.otf]
[themes.startbootstrap.com/sb-admin-pro/css/styles.css]
[cdn.datatables.net/1.10.20/css/dataTables.bootstrap4.min.css]
[cdn.jsdelivr.net/npm/daterangepicker/daterangepicker.css]
[themes.startbootstrap.com/sb-admin-pro/index-2.html]
[themes.startbootstrap.com/sb-admin-pro/assets/img/freepik/profiles/profile-1.png]
[themes.startbootstrap.com/sb-admin-pro/assets/img/freepik/profiles/profile-2.png]
[themes.startbootstrap.com/sb-admin-pro/assets/img/freepik/profiles/profile-3.png]
[themes.startbootstrap.com/sb-admin-pro/assets/img/freepik/profiles/profile-4.png]
[themes.startbootstrap.com/sb-admin-pro/assets/img/freepik/profiles/profile-5.png]
[themes.startbootstrap.com/sb-admin-pro/assets/img/freepik/profiles/profile-6.png]
[themes.startbootstrap.com/sb-admin-pro/assets/demo/chart-pie-demo.js]
[themes.startbootstrap.com/sb-admin-pro/dashboard-2.html]
[themes.startbootstrap.com/sb-admin-pro/dashboard-3.html]
[themes.startbootstrap.com/sb-admin-pro/assets/demo/date-range-picker-demo-single.js]
[themes.startbootstrap.com/sb-admin-pro/account-profile.html]
[themes.startbootstrap.com/sb-admin-pro/account-billing.html]
[themes.startbootstrap.com/sb-admin-pro/account-security.html]
[themes.startbootstrap.com/sb-admin-pro/account-notifications.html]
[themes.startbootstrap.com/sb-admin-pro/auth-login-basic.html]
[themes.startbootstrap.com/sb-admin-pro/auth-register-basic.html]
[themes.startbootstrap.com/sb-admin-pro/auth-password-basic.html]
[themes.startbootstrap.com/sb-admin-pro/auth-login-social.html]
[themes.startbootstrap.com/sb-admin-pro/auth-register-social.html]
[themes.startbootstrap.com/sb-admin-pro/auth-password-social.html]
[themes.startbootstrap.com/sb-admin-pro/error-400.html]
[themes.startbootstrap.com/sb-admin-pro/error-401.html]
[themes.startbootstrap.com/sb-admin-pro/error-403.html]
[themes.startbootstrap.com/sb-admin-pro/error-404-1.html]
[themes.startbootstrap.com/sb-admin-pro/error-404-2.html]
[themes.startbootstrap.com/sb-admin-pro/error-500.html]
[themes.startbootstrap.com/sb-admin-pro/error-503.html]
[themes.startbootstrap.com/sb-admin-pro/error-504.html]
[themes.startbootstrap.com/sb-admin-pro/knowledge-base-home-1.html]
[themes.startbootstrap.com/sb-admin-pro/knowledge-base-home-2.html]
[themes.startbootstrap.com/sb-admin-pro/knowledge-base-category.html]
[themes.startbootstrap.com/sb-admin-pro/knowledge-base-article.html]
[themes.startbootstrap.com/sb-admin-pro/pricing.html]
[themes.startbootstrap.com/sb-admin-pro/invoice.html]
[themes.startbootstrap.com/sb-admin-pro/multi-tenant-select.html]
[themes.startbootstrap.com/sb-admin-pro/wizard.html]
[themes.startbootstrap.com/sb-admin-pro/layout-static.html]
[themes.startbootstrap.com/sb-admin-pro/layout-dark.html]
[themes.startbootstrap.com/sb-admin-pro/layout-rtl.html]
[themes.startbootstrap.com/sb-admin-pro/layout-boxed.html]
[themes.startbootstrap.com/sb-admin-pro/layout-fluid.html]
[themes.startbootstrap.com/sb-admin-pro/header-simplified.html]
[themes.startbootstrap.com/sb-admin-pro/header-compact.html]
[themes.startbootstrap.com/sb-admin-pro/header-overlap.html]
[themes.startbootstrap.com/sb-admin-pro/header-breadcrumbs.html]
[themes.startbootstrap.com/sb-admin-pro/header-light.html]
[themes.startbootstrap.com/sb-admin-pro/starter-default.html]
[themes.startbootstrap.com/sb-admin-pro/starter-minimal.html]
[cdnjs.cloudflare.com/ajax/libs/prism/1.17.1/components/prism-core.min.js]
[themes.startbootstrap.com/sb-admin-pro/alerts.html]
[themes.startbootstrap.com/sb-admin-pro/avatars.html]
[themes.startbootstrap.com/sb-admin-pro/badges.html]
[themes.startbootstrap.com/sb-admin-pro/buttons.html]
[themes.startbootstrap.com/sb-admin-pro/cards.html]
[themes.startbootstrap.com/sb-admin-pro/dropdowns.html]
[themes.startbootstrap.com/sb-admin-pro/forms.html]
[themes.startbootstrap.com/sb-admin-pro/modals.html]
[themes.startbootstrap.com/sb-admin-pro/navigation.html]
[themes.startbootstrap.com/sb-admin-pro/progress.html]
[themes.startbootstrap.com/sb-admin-pro/step.html]
[themes.startbootstrap.com/sb-admin-pro/timeline.html]
[themes.startbootstrap.com/sb-admin-pro/toasts.html]
[themes.startbootstrap.com/sb-admin-pro/tooltips.html]
[themes.startbootstrap.com/sb-admin-pro/animations.html]
[cdnjs.cloudflare.com/ajax/libs/prism/1.17.1/plugins/autoloader/prism-autoloader.min.js]
[themes.startbootstrap.com/sb-admin-pro/assets/img/pattern-shapes.png]
[themes.startbootstrap.com/sb-admin-pro/background.html]
[themes.startbootstrap.com/sb-admin-pro/borders.html]
[themes.startbootstrap.com/sb-admin-pro/lift.html]
[themes.startbootstrap.com/sb-admin-pro/shadows.html]
[themes.startbootstrap.com/sb-admin-pro/typography.html]
[themes.startbootstrap.com/sb-admin-pro/charts.html]
[themes.startbootstrap.com/sb-admin-pro/tables.html]
[themes.startbootstrap.com/sb-admin-pro/assets/img/freepik/at-work-pana.svg]
[themes.startbootstrap.com/sb-admin-pro/assets/img/waves/wave.svg]
[themes.startbootstrap.com/sb-admin-pro/assets/img/freepik/browser-stats-pana.svg]
[themes.startbootstrap.com/sb-admin-pro/assets/img/freepik/processing-pana.svg]
[themes.startbootstrap.com/sb-admin-pro/assets/img/freepik/windows-pana.svg]
[themes.startbootstrap.com/sb-admin-pro/assets/img/freepik/data-report-pana.svg]
[themes.startbootstrap.com/sb-admin-pro/assets/img/freepik/team-spirit-pana.svg]
[themes.startbootstrap.com/sb-admin-pro/assets/img/freepik/statistics-pana.svg]
[themes.startbootstrap.com/sb-admin-pro/assets/img/freepik/400-error-bad-request-pana.svg]
[themes.startbootstrap.com/sb-admin-pro/assets/img/freepik/401-error-unauthorized-pana.svg]
[themes.startbootstrap.com/sb-admin-pro/assets/img/freepik/403-error-forbidden-pana.svg]
[themes.startbootstrap.com/sb-admin-pro/assets/img/freepik/404-error-pana.svg]
[themes.startbootstrap.com/sb-admin-pro/assets/img/freepik/404-error-with-a-cute-animal-pana.svg]
[themes.startbootstrap.com/sb-admin-pro/assets/img/freepik/500-internal-server-error-pana.svg]
[themes.startbootstrap.com/sb-admin-pro/assets/img/freepik/503-error-service-unavailable-pana.svg]
[themes.startbootstrap.com/sb-admin-pro/assets/img/freepik/504-error-gateway-timeout-pana.svg]
[themes.startbootstrap.com/sb-admin-pro/assets/img/freepik/problem-solving-pana.svg]
[themes.startbootstrap.com/sb-admin-pro/assets/img/logo-invoice.svg]
[themes.startbootstrap.com/sb-admin-pro/multi-tenant-create.html]
[themes.startbootstrap.com/sb-admin-pro/multi-tenant-join.html]
[themes.startbootstrap.com/sb-admin-pro/assets/img/pug.svg]
[themes.startbootstrap.com/sb-admin-pro/multi-tenant-add-users.html]
